../Core/Src/main.c:80:5:main	8	static
../Core/Src/main.c:132:6:SystemClock_Config	88	static
../Core/Src/main.c:179:13:MX_ADC1_Init	24	static
../Core/Src/main.c:253:13:MX_I2C1_Init	8	static
../Core/Src/main.c:287:13:MX_TIM1_Init	48	static
../Core/Src/main.c:346:13:MX_TIM2_Init	64	static
../Core/Src/main.c:405:13:MX_USART1_UART_Init	8	static
../Core/Src/main.c:436:13:MX_DMA_Init	16	static
../Core/Src/main.c:457:13:MX_GPIO_Init	40	static
../Core/Src/main.c:500:6:Error_Handler	4	static,ignoring_inline_asm
